should set externalDB secret values:
  1: |
    xwikip
should set mysql secret values:
  1: |
    xwikip
should set postgres secret values:
  1: |
    xwikip
